// Jest Snapshot v1, https://goo.gl/fbAQLP

exports[`PokemonsList matches snapshot 1`] = `
<RNCSafeAreaProvider
  onInsetsChange={[Function]}
  style={
    [
      {
        "flex": 1,
      },
      undefined,
    ]
  }
>
  <View
    dataSet={{}}
    style={
      [
        {},
        {
          "backgroundColor": "#ffffff",
          "flex": 1,
          "paddingTop": 70,
        },
      ]
    }
  >
    <View
      dataSet={{}}
      style={
        [
          {},
          {
            "alignItems": "baseline",
            "flexDirection": "row",
            "marginBottom": 10,
          },
        ]
      }
    >
      <Image
        source={
          {
            "testUri": "../../../src/assets/images/logo.png",
          }
        }
        style={
          {
            "height": 100,
            "width": 100,
          }
        }
        testID="pokemon-logo"
      />
      <Text
        dataSet={{}}
        style={
          {
            "backgroundColor": undefined,
            "color": "#171717",
            "fontFamily": "primary",
            "fontSize": 24,
            "fontStyle": "normal",
            "fontWeight": "600",
            "letterSpacing": 0,
            "lineHeight": 36,
            "marginLeft": 16,
            "paddingBottom": 32,
            "textDecorationLine": undefined,
          }
        }
      >
        POKEMON
      </Text>
    </View>
    <View
      dataSet={{}}
      style={
        {
          "marginBottom": 16,
          "marginLeft": 20,
          "marginRight": 20,
        }
      }
    >
      <TextInput
        onChangeText={[Function]}
        placeholder="Find my pokemon!"
        style={
          {
            "borderBottomWidth": 1,
            "borderColor": "#ECECEC",
            "fontSize": 20,
          }
        }
      />
    </View>
    <View
      style={
        {
          "flex": 1,
          "overflow": "hidden",
        }
      }
    >
      <RCTScrollView
        ListFooterComponent={null}
        applyWindowCorrection={[Function]}
        canChangeSize={true}
        contentContainerStyle={
          {
            "backgroundColor": undefined,
            "minHeight": 1,
            "minWidth": 1,
            "paddingLeft": 0,
            "paddingRight": 0,
          }
        }
        contentHeight={0}
        contentWidth={0}
        data={
          [
            {
              "name": "pokemon1",
              "url": "url1",
            },
            {
              "name": "pokemon2",
              "url": "url2",
            },
          ]
        }
        dataProvider={
          DataProvider {
            "_data": [
              {
                "name": "pokemon1",
                "url": "url1",
              },
              {
                "name": "pokemon2",
                "url": "url2",
              },
            ],
            "_firstIndexToProcess": 0,
            "_hasStableIds": false,
            "_requiresDataChangeHandling": false,
            "_size": 2,
            "getStableId": [Function],
            "rowHasChanged": [Function],
          }
        }
        disableRecycling={false}
        estimatedItemSize={200}
        extendedState={{}}
        externalScrollView={[Function]}
        finalRenderAheadOffset={250}
        forceNonDeterministicRendering={true}
        horizontal={false}
        initialOffset={0}
        initialRenderIndex={0}
        isHorizontal={false}
        layoutProvider={
          GridLayoutProviderWithProps {
            "_acceptableRelayoutDelta": 1,
            "_getHeightOrWidth": [Function],
            "_getLayoutTypeForIndex": [Function],
            "_getSpan": [Function],
            "_hasExpired": false,
            "_maxSpan": 1,
            "_setLayoutForType": [Function],
            "_tempDim": {
              "height": 0,
              "width": 0,
            },
            "averageWindow": AverageWindow {
              "currentAverage": 200,
              "currentCount": 1,
              "inputValues": [
                200,
              ],
              "nextIndex": 1,
            },
            "defaultEstimatedItemSize": 100,
            "layoutObject": {
              "size": undefined,
              "span": undefined,
            },
            "props": {
              "ListFooterComponent": null,
              "data": [
                {
                  "name": "pokemon1",
                  "url": "url1",
                },
                {
                  "name": "pokemon2",
                  "url": "url2",
                },
              ],
              "estimatedItemSize": 200,
              "numColumns": 1,
              "onEndReached": [Function],
              "renderItem": [Function],
              "testID": "pokemon-list",
            },
            "renderWindowInsets": {
              "height": 0,
              "width": 0,
            },
            "shouldRefreshWithAnchoring": true,
          }
        }
        maxRenderAhead={750}
        numColumns={1}
        onEndReached={[Function]}
        onEndReachedThreshold={0}
        onEndReachedThresholdRelative={0}
        onItemLayout={[Function]}
        onLayout={[Function]}
        onScroll={[Function]}
        onScrollBeginDrag={[Function]}
        onSizeChanged={[Function]}
        onVisibleIndicesChanged={[Function]}
        removeClippedSubviews={false}
        renderAheadOffset={0}
        renderAheadStep={250}
        renderContentContainer={[Function]}
        renderItem={[Function]}
        renderItemContainer={[Function]}
        rowRenderer={[Function]}
        scrollEventThrottle={16}
        scrollThrottle={16}
        scrollViewProps={
          {
            "contentContainerStyle": {
              "backgroundColor": undefined,
              "minHeight": 1,
              "minWidth": 1,
              "paddingLeft": 0,
              "paddingRight": 0,
            },
            "onLayout": [Function],
            "onScrollBeginDrag": [Function],
            "refreshControl": undefined,
            "style": {
              "minHeight": 1,
              "minWidth": 1,
            },
          }
        }
        style={
          {
            "minHeight": 1,
            "minWidth": 1,
          }
        }
        suppressBoundedSizeException={true}
        testID="pokemon-list"
        windowCorrectionConfig={
          {
            "applyToInitialOffset": true,
            "applyToItemScroll": true,
            "value": {
              "endCorrection": 0,
              "startCorrection": 0,
              "windowShift": -0,
            },
          }
        }
      >
        <View>
          <View
            style={
              {
                "flexDirection": "column",
              }
            }
          >
            <AutoLayoutView
              enableInstrumentation={false}
              horizontal={false}
              onBlankAreaEvent={[Function]}
              onLayout={[Function]}
              renderAheadOffset={0}
              scrollOffset={0}
              style={
                {
                  "height": 0,
                  "width": 0,
                }
              }
              windowSize={0}
            />
          </View>
        </View>
      </RCTScrollView>
    </View>
  </View>
</RNCSafeAreaProvider>
`;
